The system is: Linux - 3.10.0-693.el7.x86_64 - x86_64
Compiling the C compiler identification source file "CMakeCCompilerId.c" succeeded.
Compiler: /public/software/mpi/intelmpi/2017.4.239/intel64/bin/mpicc 
Build flags: 
Id flags:  

The output was:
0


Compilation of the C compiler identification source "CMakeCCompilerId.c" produced "a.out"

The C compiler identification is GNU, found in "/public/home/zhangyang/schism_ice/schism_git_SG_Moving/schism/src/ParMetis-4.0.3/build/Linux-x86_64/CMakeFiles/3.21.0/CompilerIdC/a.out"

Compiling the CXX compiler identification source file "CMakeCXXCompilerId.cpp" succeeded.
Compiler: /public/software/mpi/intelmpi/2017.4.239/intel64/bin/mpicxx 
Build flags: 
Id flags:  

The output was:
0


Compilation of the CXX compiler identification source "CMakeCXXCompilerId.cpp" produced "a.out"

The CXX compiler identification is GNU, found in "/public/home/zhangyang/schism_ice/schism_git_SG_Moving/schism/src/ParMetis-4.0.3/build/Linux-x86_64/CMakeFiles/3.21.0/CompilerIdCXX/a.out"

Detecting C compiler ABI info compiled with the following output:
Change Dir: /public/home/zhangyang/schism_ice/schism_git_SG_Moving/schism/src/ParMetis-4.0.3/build/Linux-x86_64/CMakeFiles/CMakeTmp

Run Build Command(s):/usr/bin/gmake -f Makefile cmTC_318ae/fast && gmake[2]: Entering directory `/public/home/zhangyang/schism_ice/schism_git_SG_Moving/schism/src/ParMetis-4.0.3/build/Linux-x86_64/CMakeFiles/CMakeTmp'
/usr/bin/gmake  -f CMakeFiles/cmTC_318ae.dir/build.make CMakeFiles/cmTC_318ae.dir/build
gmake[3]: Entering directory `/public/home/zhangyang/schism_ice/schism_git_SG_Moving/schism/src/ParMetis-4.0.3/build/Linux-x86_64/CMakeFiles/CMakeTmp'
Building C object CMakeFiles/cmTC_318ae.dir/CMakeCCompilerABI.c.o
/public/software/mpi/intelmpi/2017.4.239/intel64/bin/mpicc   -v -o CMakeFiles/cmTC_318ae.dir/CMakeCCompilerABI.c.o -c /public/home/zhangyang/software/cmake/cmake-3.21.0-linux-x86_64/share/cmake-3.21/Modules/CMakeCCompilerABI.c
mpigcc for the Intel(R) MPI Library 2017 Update 4 for Linux*
Copyright(C) 2003-2017, Intel Corporation.  All rights reserved.
Using built-in specs.
COLLECT_GCC=gcc
Target: x86_64-redhat-linux
Configured with: ../configure --prefix=/usr --mandir=/usr/share/man --infodir=/usr/share/info --with-bugurl=http://bugzilla.redhat.com/bugzilla --enable-bootstrap --enable-shared --enable-threads=posix --enable-checking=release --with-system-zlib --enable-__cxa_atexit --disable-libunwind-exceptions --enable-gnu-unique-object --enable-linker-build-id --with-linker-hash-style=gnu --enable-languages=c,c++,objc,obj-c++,java,fortran,ada,go,lto --enable-plugin --enable-initfini-array --disable-libgcj --with-isl=/builddir/build/BUILD/gcc-4.8.5-20150702/obj-x86_64-redhat-linux/isl-install --with-cloog=/builddir/build/BUILD/gcc-4.8.5-20150702/obj-x86_64-redhat-linux/cloog-install --enable-gnu-indirect-function --with-tune=generic --with-arch_32=x86-64 --build=x86_64-redhat-linux
Thread model: posix
gcc version 4.8.5 20150623 (Red Hat 4.8.5-44) (GCC) 
COLLECT_GCC_OPTIONS='-v' '-o' 'CMakeFiles/cmTC_318ae.dir/CMakeCCompilerABI.c.o' '-c' '-I' '/public/software//mpi/intelmpi/2017.4.239/intel64/include' '-mtune=generic' '-march=x86-64'
 /usr/libexec/gcc/x86_64-redhat-linux/4.8.5/cc1 -quiet -v -I /public/software//mpi/intelmpi/2017.4.239/intel64/include /public/home/zhangyang/software/cmake/cmake-3.21.0-linux-x86_64/share/cmake-3.21/Modules/CMakeCCompilerABI.c -quiet -dumpbase CMakeCCompilerABI.c -mtune=generic -march=x86-64 -auxbase-strip CMakeFiles/cmTC_318ae.dir/CMakeCCompilerABI.c.o -version -o /tmp/ccABlgFr.s
GNU C (GCC) version 4.8.5 20150623 (Red Hat 4.8.5-44) (x86_64-redhat-linux)
	compiled by GNU C version 4.8.5 20150623 (Red Hat 4.8.5-44), GMP version 6.0.0, MPFR version 3.1.1, MPC version 1.0.1
GGC heuristics: --param ggc-min-expand=100 --param ggc-min-heapsize=131072
ignoring nonexistent directory "/usr/lib/gcc/x86_64-redhat-linux/4.8.5/include-fixed"
ignoring nonexistent directory "/usr/lib/gcc/x86_64-redhat-linux/4.8.5/../../../../x86_64-redhat-linux/include"
ignoring duplicate directory "/public/software//compiler/intel/intel-compiler-2017.5.239/mkl/include"
#include "..." search starts here:
#include <...> search starts here:
 /public/software//mpi/intelmpi/2017.4.239/intel64/include
 /public/software//compiler/intel/intel-compiler-2017.5.239/mkl/include
 .
 /usr/lib/gcc/x86_64-redhat-linux/4.8.5/include
 /usr/local/include
 /usr/include
End of search list.
GNU C (GCC) version 4.8.5 20150623 (Red Hat 4.8.5-44) (x86_64-redhat-linux)
	compiled by GNU C version 4.8.5 20150623 (Red Hat 4.8.5-44), GMP version 6.0.0, MPFR version 3.1.1, MPC version 1.0.1
GGC heuristics: --param ggc-min-expand=100 --param ggc-min-heapsize=131072
Compiler executable checksum: 231b3394950636dbfe0428e88716bc73
COLLECT_GCC_OPTIONS='-v' '-o' 'CMakeFiles/cmTC_318ae.dir/CMakeCCompilerABI.c.o' '-c' '-I' '/public/software//mpi/intelmpi/2017.4.239/intel64/include' '-mtune=generic' '-march=x86-64'
 as -v -I /public/software//mpi/intelmpi/2017.4.239/intel64/include --64 -o CMakeFiles/cmTC_318ae.dir/CMakeCCompilerABI.c.o /tmp/ccABlgFr.s
GNU assembler version 2.25.1 (x86_64-redhat-linux) using BFD version version 2.25.1-31.base.el7 
COMPILER_PATH=/usr/libexec/gcc/x86_64-redhat-linux/4.8.5/:/usr/libexec/gcc/x86_64-redhat-linux/4.8.5/:/usr/libexec/gcc/x86_64-redhat-linux/:/usr/lib/gcc/x86_64-redhat-linux/4.8.5/:/usr/lib/gcc/x86_64-redhat-linux/
LIBRARY_PATH=/usr/lib/gcc/x86_64-redhat-linux/4.8.5/:/usr/lib/gcc/x86_64-redhat-linux/4.8.5/../../../../lib64/:/lib/../lib64/:/usr/lib/../lib64/:/public/software//compiler/intel/intel-compiler-2017.5.239/compiler/lib/intel64/:/public/software//compiler/intel/intel-compiler-2017.5.239/mkl/lib/intel64/:/public/software//compiler/intel/intel-compiler-2017.5.239/tbb/lib/intel64/:/usr/lib/gcc/x86_64-redhat-linux/4.8.5/../../../:/lib/:/usr/lib/
COLLECT_GCC_OPTIONS='-v' '-o' 'CMakeFiles/cmTC_318ae.dir/CMakeCCompilerABI.c.o' '-c' '-I' '/public/software//mpi/intelmpi/2017.4.239/intel64/include' '-mtune=generic' '-march=x86-64'
Linking C executable cmTC_318ae
/public/home/zhangyang/software/cmake/cmake-3.21.0-linux-x86_64/bin/cmake -E cmake_link_script CMakeFiles/cmTC_318ae.dir/link.txt --verbose=1
/public/software/mpi/intelmpi/2017.4.239/intel64/bin/mpicc  -v -rdynamic CMakeFiles/cmTC_318ae.dir/CMakeCCompilerABI.c.o -o cmTC_318ae 
mpigcc for the Intel(R) MPI Library 2017 Update 4 for Linux*
Copyright(C) 2003-2017, Intel Corporation.  All rights reserved.
Using built-in specs.
COLLECT_GCC=gcc
COLLECT_LTO_WRAPPER=/usr/libexec/gcc/x86_64-redhat-linux/4.8.5/lto-wrapper
Target: x86_64-redhat-linux
Configured with: ../configure --prefix=/usr --mandir=/usr/share/man --infodir=/usr/share/info --with-bugurl=http://bugzilla.redhat.com/bugzilla --enable-bootstrap --enable-shared --enable-threads=posix --enable-checking=release --with-system-zlib --enable-__cxa_atexit --disable-libunwind-exceptions --enable-gnu-unique-object --enable-linker-build-id --with-linker-hash-style=gnu --enable-languages=c,c++,objc,obj-c++,java,fortran,ada,go,lto --enable-plugin --enable-initfini-array --disable-libgcj --with-isl=/builddir/build/BUILD/gcc-4.8.5-20150702/obj-x86_64-redhat-linux/isl-install --with-cloog=/builddir/build/BUILD/gcc-4.8.5-20150702/obj-x86_64-redhat-linux/cloog-install --enable-gnu-indirect-function --with-tune=generic --with-arch_32=x86-64 --build=x86_64-redhat-linux
Thread model: posix
gcc version 4.8.5 20150623 (Red Hat 4.8.5-44) (GCC) 
COMPILER_PATH=/usr/libexec/gcc/x86_64-redhat-linux/4.8.5/:/usr/libexec/gcc/x86_64-redhat-linux/4.8.5/:/usr/libexec/gcc/x86_64-redhat-linux/:/usr/lib/gcc/x86_64-redhat-linux/4.8.5/:/usr/lib/gcc/x86_64-redhat-linux/
LIBRARY_PATH=/usr/lib/gcc/x86_64-redhat-linux/4.8.5/:/usr/lib/gcc/x86_64-redhat-linux/4.8.5/../../../../lib64/:/lib/../lib64/:/usr/lib/../lib64/:/public/software//compiler/intel/intel-compiler-2017.5.239/compiler/lib/intel64/:/public/software//compiler/intel/intel-compiler-2017.5.239/mkl/lib/intel64/:/public/software//compiler/intel/intel-compiler-2017.5.239/tbb/lib/intel64/:/usr/lib/gcc/x86_64-redhat-linux/4.8.5/../../../:/lib/:/usr/lib/
COLLECT_GCC_OPTIONS='-v' '-rdynamic' '-o' 'cmTC_318ae' '-I' '/public/software//mpi/intelmpi/2017.4.239/intel64/include' '-L/public/software//mpi/intelmpi/2017.4.239/intel64/lib/release_mt' '-L/public/software//mpi/intelmpi/2017.4.239/intel64/lib' '-mtune=generic' '-march=x86-64'
 /usr/libexec/gcc/x86_64-redhat-linux/4.8.5/collect2 --build-id --no-add-needed --eh-frame-hdr --hash-style=gnu -m elf_x86_64 -export-dynamic -dynamic-linker /lib64/ld-linux-x86-64.so.2 -o cmTC_318ae /usr/lib/gcc/x86_64-redhat-linux/4.8.5/../../../../lib64/crt1.o /usr/lib/gcc/x86_64-redhat-linux/4.8.5/../../../../lib64/crti.o /usr/lib/gcc/x86_64-redhat-linux/4.8.5/crtbegin.o -L/public/software//mpi/intelmpi/2017.4.239/intel64/lib/release_mt -L/public/software//mpi/intelmpi/2017.4.239/intel64/lib -L/usr/lib/gcc/x86_64-redhat-linux/4.8.5 -L/usr/lib/gcc/x86_64-redhat-linux/4.8.5/../../../../lib64 -L/lib/../lib64 -L/usr/lib/../lib64 -L/public/software//compiler/intel/intel-compiler-2017.5.239/compiler/lib/intel64 -L/public/software//compiler/intel/intel-compiler-2017.5.239/mkl/lib/intel64 -L/public/software//compiler/intel/intel-compiler-2017.5.239/tbb/lib/intel64 -L/usr/lib/gcc/x86_64-redhat-linux/4.8.5/../../.. CMakeFiles/cmTC_318ae.dir/CMakeCCompilerABI.c.o --enable-new-dtags -rpath /public/software//mpi/intelmpi/2017.4.239/intel64/lib/release_mt -rpath /public/software//mpi/intelmpi/2017.4.239/intel64/lib -rpath /opt/intel/mpi-rt/2107.0.0/intel64/lib/release_mt -rpath /opt/intel/mpi-rt/2017.0.0/intel64/lib -lmpifort -lmpi -lmpigi -ldl -lrt -lpthread -lgcc --as-needed -lgcc_s --no-as-needed -lc -lgcc --as-needed -lgcc_s --no-as-needed /usr/lib/gcc/x86_64-redhat-linux/4.8.5/crtend.o /usr/lib/gcc/x86_64-redhat-linux/4.8.5/../../../../lib64/crtn.o
gmake[3]: Leaving directory `/public/home/zhangyang/schism_ice/schism_git_SG_Moving/schism/src/ParMetis-4.0.3/build/Linux-x86_64/CMakeFiles/CMakeTmp'
gmake[2]: Leaving directory `/public/home/zhangyang/schism_ice/schism_git_SG_Moving/schism/src/ParMetis-4.0.3/build/Linux-x86_64/CMakeFiles/CMakeTmp'



Parsed C implicit include dir info from above output: rv=done
  found start of include info
  found start of implicit include info
    add: [/public/software//mpi/intelmpi/2017.4.239/intel64/include]
    add: [/public/software//compiler/intel/intel-compiler-2017.5.239/mkl/include]
    add: [.]
    add: [/usr/lib/gcc/x86_64-redhat-linux/4.8.5/include]
    add: [/usr/local/include]
    add: [/usr/include]
  end of search list found
  collapse include dir [/public/software//mpi/intelmpi/2017.4.239/intel64/include] ==> [/public/software/mpi/intelmpi/2017.4.239/intel64/include]
  collapse include dir [/public/software//compiler/intel/intel-compiler-2017.5.239/mkl/include] ==> [/public/software/compiler/intel/intel-compiler-2017.5.239/mkl/include]
  skipping relative include dir [.]
  collapse include dir [/usr/lib/gcc/x86_64-redhat-linux/4.8.5/include] ==> [/usr/lib/gcc/x86_64-redhat-linux/4.8.5/include]
  collapse include dir [/usr/local/include] ==> [/usr/local/include]
  collapse include dir [/usr/include] ==> [/usr/include]
  implicit include dirs: [/public/software/mpi/intelmpi/2017.4.239/intel64/include;/public/software/compiler/intel/intel-compiler-2017.5.239/mkl/include;/usr/lib/gcc/x86_64-redhat-linux/4.8.5/include;/usr/local/include;/usr/include]


Parsed C implicit link information from above output:
  link line regex: [^( *|.*[/\])(ld|CMAKE_LINK_STARTFILE-NOTFOUND|([^/\]+-)?ld|collect2)[^/\]*( |$)]
  ignore line: [Change Dir: /public/home/zhangyang/schism_ice/schism_git_SG_Moving/schism/src/ParMetis-4.0.3/build/Linux-x86_64/CMakeFiles/CMakeTmp]
  ignore line: []
  ignore line: [Run Build Command(s):/usr/bin/gmake -f Makefile cmTC_318ae/fast && gmake[2]: Entering directory `/public/home/zhangyang/schism_ice/schism_git_SG_Moving/schism/src/ParMetis-4.0.3/build/Linux-x86_64/CMakeFiles/CMakeTmp']
  ignore line: [/usr/bin/gmake  -f CMakeFiles/cmTC_318ae.dir/build.make CMakeFiles/cmTC_318ae.dir/build]
  ignore line: [gmake[3]: Entering directory `/public/home/zhangyang/schism_ice/schism_git_SG_Moving/schism/src/ParMetis-4.0.3/build/Linux-x86_64/CMakeFiles/CMakeTmp']
  ignore line: [Building C object CMakeFiles/cmTC_318ae.dir/CMakeCCompilerABI.c.o]
  ignore line: [/public/software/mpi/intelmpi/2017.4.239/intel64/bin/mpicc   -v -o CMakeFiles/cmTC_318ae.dir/CMakeCCompilerABI.c.o -c /public/home/zhangyang/software/cmake/cmake-3.21.0-linux-x86_64/share/cmake-3.21/Modules/CMakeCCompilerABI.c]
  ignore line: [mpigcc for the Intel(R) MPI Library 2017 Update 4 for Linux*]
  ignore line: [Copyright(C) 2003-2017  Intel Corporation.  All rights reserved.]
  ignore line: [Using built-in specs.]
  ignore line: [COLLECT_GCC=gcc]
  ignore line: [Target: x86_64-redhat-linux]
  ignore line: [Configured with: ../configure --prefix=/usr --mandir=/usr/share/man --infodir=/usr/share/info --with-bugurl=http://bugzilla.redhat.com/bugzilla --enable-bootstrap --enable-shared --enable-threads=posix --enable-checking=release --with-system-zlib --enable-__cxa_atexit --disable-libunwind-exceptions --enable-gnu-unique-object --enable-linker-build-id --with-linker-hash-style=gnu --enable-languages=c c++ objc obj-c++ java fortran ada go lto --enable-plugin --enable-initfini-array --disable-libgcj --with-isl=/builddir/build/BUILD/gcc-4.8.5-20150702/obj-x86_64-redhat-linux/isl-install --with-cloog=/builddir/build/BUILD/gcc-4.8.5-20150702/obj-x86_64-redhat-linux/cloog-install --enable-gnu-indirect-function --with-tune=generic --with-arch_32=x86-64 --build=x86_64-redhat-linux]
  ignore line: [Thread model: posix]
  ignore line: [gcc version 4.8.5 20150623 (Red Hat 4.8.5-44) (GCC) ]
  ignore line: [COLLECT_GCC_OPTIONS='-v' '-o' 'CMakeFiles/cmTC_318ae.dir/CMakeCCompilerABI.c.o' '-c' '-I' '/public/software//mpi/intelmpi/2017.4.239/intel64/include' '-mtune=generic' '-march=x86-64']
  ignore line: [ /usr/libexec/gcc/x86_64-redhat-linux/4.8.5/cc1 -quiet -v -I /public/software//mpi/intelmpi/2017.4.239/intel64/include /public/home/zhangyang/software/cmake/cmake-3.21.0-linux-x86_64/share/cmake-3.21/Modules/CMakeCCompilerABI.c -quiet -dumpbase CMakeCCompilerABI.c -mtune=generic -march=x86-64 -auxbase-strip CMakeFiles/cmTC_318ae.dir/CMakeCCompilerABI.c.o -version -o /tmp/ccABlgFr.s]
  ignore line: [GNU C (GCC) version 4.8.5 20150623 (Red Hat 4.8.5-44) (x86_64-redhat-linux)]
  ignore line: [	compiled by GNU C version 4.8.5 20150623 (Red Hat 4.8.5-44)  GMP version 6.0.0  MPFR version 3.1.1  MPC version 1.0.1]
  ignore line: [GGC heuristics: --param ggc-min-expand=100 --param ggc-min-heapsize=131072]
  ignore line: [ignoring nonexistent directory "/usr/lib/gcc/x86_64-redhat-linux/4.8.5/include-fixed"]
  ignore line: [ignoring nonexistent directory "/usr/lib/gcc/x86_64-redhat-linux/4.8.5/../../../../x86_64-redhat-linux/include"]
  ignore line: [ignoring duplicate directory "/public/software//compiler/intel/intel-compiler-2017.5.239/mkl/include"]
  ignore line: [#include "..." search starts here:]
  ignore line: [#include <...> search starts here:]
  ignore line: [ /public/software//mpi/intelmpi/2017.4.239/intel64/include]
  ignore line: [ /public/software//compiler/intel/intel-compiler-2017.5.239/mkl/include]
  ignore line: [ .]
  ignore line: [ /usr/lib/gcc/x86_64-redhat-linux/4.8.5/include]
  ignore line: [ /usr/local/include]
  ignore line: [ /usr/include]
  ignore line: [End of search list.]
  ignore line: [GNU C (GCC) version 4.8.5 20150623 (Red Hat 4.8.5-44) (x86_64-redhat-linux)]
  ignore line: [	compiled by GNU C version 4.8.5 20150623 (Red Hat 4.8.5-44)  GMP version 6.0.0  MPFR version 3.1.1  MPC version 1.0.1]
  ignore line: [GGC heuristics: --param ggc-min-expand=100 --param ggc-min-heapsize=131072]
  ignore line: [Compiler executable checksum: 231b3394950636dbfe0428e88716bc73]
  ignore line: [COLLECT_GCC_OPTIONS='-v' '-o' 'CMakeFiles/cmTC_318ae.dir/CMakeCCompilerABI.c.o' '-c' '-I' '/public/software//mpi/intelmpi/2017.4.239/intel64/include' '-mtune=generic' '-march=x86-64']
  ignore line: [ as -v -I /public/software//mpi/intelmpi/2017.4.239/intel64/include --64 -o CMakeFiles/cmTC_318ae.dir/CMakeCCompilerABI.c.o /tmp/ccABlgFr.s]
  ignore line: [GNU assembler version 2.25.1 (x86_64-redhat-linux) using BFD version version 2.25.1-31.base.el7 ]
  ignore line: [COMPILER_PATH=/usr/libexec/gcc/x86_64-redhat-linux/4.8.5/:/usr/libexec/gcc/x86_64-redhat-linux/4.8.5/:/usr/libexec/gcc/x86_64-redhat-linux/:/usr/lib/gcc/x86_64-redhat-linux/4.8.5/:/usr/lib/gcc/x86_64-redhat-linux/]
  ignore line: [LIBRARY_PATH=/usr/lib/gcc/x86_64-redhat-linux/4.8.5/:/usr/lib/gcc/x86_64-redhat-linux/4.8.5/../../../../lib64/:/lib/../lib64/:/usr/lib/../lib64/:/public/software//compiler/intel/intel-compiler-2017.5.239/compiler/lib/intel64/:/public/software//compiler/intel/intel-compiler-2017.5.239/mkl/lib/intel64/:/public/software//compiler/intel/intel-compiler-2017.5.239/tbb/lib/intel64/:/usr/lib/gcc/x86_64-redhat-linux/4.8.5/../../../:/lib/:/usr/lib/]
  ignore line: [COLLECT_GCC_OPTIONS='-v' '-o' 'CMakeFiles/cmTC_318ae.dir/CMakeCCompilerABI.c.o' '-c' '-I' '/public/software//mpi/intelmpi/2017.4.239/intel64/include' '-mtune=generic' '-march=x86-64']
  ignore line: [Linking C executable cmTC_318ae]
  ignore line: [/public/home/zhangyang/software/cmake/cmake-3.21.0-linux-x86_64/bin/cmake -E cmake_link_script CMakeFiles/cmTC_318ae.dir/link.txt --verbose=1]
  ignore line: [/public/software/mpi/intelmpi/2017.4.239/intel64/bin/mpicc  -v -rdynamic CMakeFiles/cmTC_318ae.dir/CMakeCCompilerABI.c.o -o cmTC_318ae ]
  ignore line: [mpigcc for the Intel(R) MPI Library 2017 Update 4 for Linux*]
  ignore line: [Copyright(C) 2003-2017  Intel Corporation.  All rights reserved.]
  ignore line: [Using built-in specs.]
  ignore line: [COLLECT_GCC=gcc]
  ignore line: [COLLECT_LTO_WRAPPER=/usr/libexec/gcc/x86_64-redhat-linux/4.8.5/lto-wrapper]
  ignore line: [Target: x86_64-redhat-linux]
  ignore line: [Configured with: ../configure --prefix=/usr --mandir=/usr/share/man --infodir=/usr/share/info --with-bugurl=http://bugzilla.redhat.com/bugzilla --enable-bootstrap --enable-shared --enable-threads=posix --enable-checking=release --with-system-zlib --enable-__cxa_atexit --disable-libunwind-exceptions --enable-gnu-unique-object --enable-linker-build-id --with-linker-hash-style=gnu --enable-languages=c c++ objc obj-c++ java fortran ada go lto --enable-plugin --enable-initfini-array --disable-libgcj --with-isl=/builddir/build/BUILD/gcc-4.8.5-20150702/obj-x86_64-redhat-linux/isl-install --with-cloog=/builddir/build/BUILD/gcc-4.8.5-20150702/obj-x86_64-redhat-linux/cloog-install --enable-gnu-indirect-function --with-tune=generic --with-arch_32=x86-64 --build=x86_64-redhat-linux]
  ignore line: [Thread model: posix]
  ignore line: [gcc version 4.8.5 20150623 (Red Hat 4.8.5-44) (GCC) ]
  ignore line: [COMPILER_PATH=/usr/libexec/gcc/x86_64-redhat-linux/4.8.5/:/usr/libexec/gcc/x86_64-redhat-linux/4.8.5/:/usr/libexec/gcc/x86_64-redhat-linux/:/usr/lib/gcc/x86_64-redhat-linux/4.8.5/:/usr/lib/gcc/x86_64-redhat-linux/]
  ignore line: [LIBRARY_PATH=/usr/lib/gcc/x86_64-redhat-linux/4.8.5/:/usr/lib/gcc/x86_64-redhat-linux/4.8.5/../../../../lib64/:/lib/../lib64/:/usr/lib/../lib64/:/public/software//compiler/intel/intel-compiler-2017.5.239/compiler/lib/intel64/:/public/software//compiler/intel/intel-compiler-2017.5.239/mkl/lib/intel64/:/public/software//compiler/intel/intel-compiler-2017.5.239/tbb/lib/intel64/:/usr/lib/gcc/x86_64-redhat-linux/4.8.5/../../../:/lib/:/usr/lib/]
  ignore line: [COLLECT_GCC_OPTIONS='-v' '-rdynamic' '-o' 'cmTC_318ae' '-I' '/public/software//mpi/intelmpi/2017.4.239/intel64/include' '-L/public/software//mpi/intelmpi/2017.4.239/intel64/lib/release_mt' '-L/public/software//mpi/intelmpi/2017.4.239/intel64/lib' '-mtune=generic' '-march=x86-64']
  link line: [ /usr/libexec/gcc/x86_64-redhat-linux/4.8.5/collect2 --build-id --no-add-needed --eh-frame-hdr --hash-style=gnu -m elf_x86_64 -export-dynamic -dynamic-linker /lib64/ld-linux-x86-64.so.2 -o cmTC_318ae /usr/lib/gcc/x86_64-redhat-linux/4.8.5/../../../../lib64/crt1.o /usr/lib/gcc/x86_64-redhat-linux/4.8.5/../../../../lib64/crti.o /usr/lib/gcc/x86_64-redhat-linux/4.8.5/crtbegin.o -L/public/software//mpi/intelmpi/2017.4.239/intel64/lib/release_mt -L/public/software//mpi/intelmpi/2017.4.239/intel64/lib -L/usr/lib/gcc/x86_64-redhat-linux/4.8.5 -L/usr/lib/gcc/x86_64-redhat-linux/4.8.5/../../../../lib64 -L/lib/../lib64 -L/usr/lib/../lib64 -L/public/software//compiler/intel/intel-compiler-2017.5.239/compiler/lib/intel64 -L/public/software//compiler/intel/intel-compiler-2017.5.239/mkl/lib/intel64 -L/public/software//compiler/intel/intel-compiler-2017.5.239/tbb/lib/intel64 -L/usr/lib/gcc/x86_64-redhat-linux/4.8.5/../../.. CMakeFiles/cmTC_318ae.dir/CMakeCCompilerABI.c.o --enable-new-dtags -rpath /public/software//mpi/intelmpi/2017.4.239/intel64/lib/release_mt -rpath /public/software//mpi/intelmpi/2017.4.239/intel64/lib -rpath /opt/intel/mpi-rt/2107.0.0/intel64/lib/release_mt -rpath /opt/intel/mpi-rt/2017.0.0/intel64/lib -lmpifort -lmpi -lmpigi -ldl -lrt -lpthread -lgcc --as-needed -lgcc_s --no-as-needed -lc -lgcc --as-needed -lgcc_s --no-as-needed /usr/lib/gcc/x86_64-redhat-linux/4.8.5/crtend.o /usr/lib/gcc/x86_64-redhat-linux/4.8.5/../../../../lib64/crtn.o]
    arg [/usr/libexec/gcc/x86_64-redhat-linux/4.8.5/collect2] ==> ignore
    arg [--build-id] ==> ignore
    arg [--no-add-needed] ==> ignore
    arg [--eh-frame-hdr] ==> ignore
    arg [--hash-style=gnu] ==> ignore
    arg [-m] ==> ignore
    arg [elf_x86_64] ==> ignore
    arg [-export-dynamic] ==> ignore
    arg [-dynamic-linker] ==> ignore
    arg [/lib64/ld-linux-x86-64.so.2] ==> ignore
    arg [-o] ==> ignore
    arg [cmTC_318ae] ==> ignore
    arg [/usr/lib/gcc/x86_64-redhat-linux/4.8.5/../../../../lib64/crt1.o] ==> obj [/usr/lib/gcc/x86_64-redhat-linux/4.8.5/../../../../lib64/crt1.o]
    arg [/usr/lib/gcc/x86_64-redhat-linux/4.8.5/../../../../lib64/crti.o] ==> obj [/usr/lib/gcc/x86_64-redhat-linux/4.8.5/../../../../lib64/crti.o]
    arg [/usr/lib/gcc/x86_64-redhat-linux/4.8.5/crtbegin.o] ==> obj [/usr/lib/gcc/x86_64-redhat-linux/4.8.5/crtbegin.o]
    arg [-L/public/software//mpi/intelmpi/2017.4.239/intel64/lib/release_mt] ==> dir [/public/software//mpi/intelmpi/2017.4.239/intel64/lib/release_mt]
    arg [-L/public/software//mpi/intelmpi/2017.4.239/intel64/lib] ==> dir [/public/software//mpi/intelmpi/2017.4.239/intel64/lib]
    arg [-L/usr/lib/gcc/x86_64-redhat-linux/4.8.5] ==> dir [/usr/lib/gcc/x86_64-redhat-linux/4.8.5]
    arg [-L/usr/lib/gcc/x86_64-redhat-linux/4.8.5/../../../../lib64] ==> dir [/usr/lib/gcc/x86_64-redhat-linux/4.8.5/../../../../lib64]
    arg [-L/lib/../lib64] ==> dir [/lib/../lib64]
    arg [-L/usr/lib/../lib64] ==> dir [/usr/lib/../lib64]
    arg [-L/public/software//compiler/intel/intel-compiler-2017.5.239/compiler/lib/intel64] ==> dir [/public/software//compiler/intel/intel-compiler-2017.5.239/compiler/lib/intel64]
    arg [-L/public/software//compiler/intel/intel-compiler-2017.5.239/mkl/lib/intel64] ==> dir [/public/software//compiler/intel/intel-compiler-2017.5.239/mkl/lib/intel64]
    arg [-L/public/software//compiler/intel/intel-compiler-2017.5.239/tbb/lib/intel64] ==> dir [/public/software//compiler/intel/intel-compiler-2017.5.239/tbb/lib/intel64]
    arg [-L/usr/lib/gcc/x86_64-redhat-linux/4.8.5/../../..] ==> dir [/usr/lib/gcc/x86_64-redhat-linux/4.8.5/../../..]
    arg [CMakeFiles/cmTC_318ae.dir/CMakeCCompilerABI.c.o] ==> ignore
    arg [--enable-new-dtags] ==> ignore
    arg [-rpath] ==> ignore
    arg [/public/software//mpi/intelmpi/2017.4.239/intel64/lib/release_mt] ==> ignore
    arg [-rpath] ==> ignore
    arg [/public/software//mpi/intelmpi/2017.4.239/intel64/lib] ==> ignore
    arg [-rpath] ==> ignore
    arg [/opt/intel/mpi-rt/2107.0.0/intel64/lib/release_mt] ==> ignore
    arg [-rpath] ==> ignore
    arg [/opt/intel/mpi-rt/2017.0.0/intel64/lib] ==> ignore
    arg [-lmpifort] ==> lib [mpifort]
    arg [-lmpi] ==> lib [mpi]
    arg [-lmpigi] ==> lib [mpigi]
    arg [-ldl] ==> lib [dl]
    arg [-lrt] ==> lib [rt]
    arg [-lpthread] ==> lib [pthread]
    arg [-lgcc] ==> lib [gcc]
    arg [--as-needed] ==> ignore
    arg [-lgcc_s] ==> lib [gcc_s]
    arg [--no-as-needed] ==> ignore
    arg [-lc] ==> lib [c]
    arg [-lgcc] ==> lib [gcc]
    arg [--as-needed] ==> ignore
    arg [-lgcc_s] ==> lib [gcc_s]
    arg [--no-as-needed] ==> ignore
    arg [/usr/lib/gcc/x86_64-redhat-linux/4.8.5/crtend.o] ==> obj [/usr/lib/gcc/x86_64-redhat-linux/4.8.5/crtend.o]
    arg [/usr/lib/gcc/x86_64-redhat-linux/4.8.5/../../../../lib64/crtn.o] ==> obj [/usr/lib/gcc/x86_64-redhat-linux/4.8.5/../../../../lib64/crtn.o]
  collapse obj [/usr/lib/gcc/x86_64-redhat-linux/4.8.5/../../../../lib64/crt1.o] ==> [/usr/lib64/crt1.o]
  collapse obj [/usr/lib/gcc/x86_64-redhat-linux/4.8.5/../../../../lib64/crti.o] ==> [/usr/lib64/crti.o]
  collapse obj [/usr/lib/gcc/x86_64-redhat-linux/4.8.5/../../../../lib64/crtn.o] ==> [/usr/lib64/crtn.o]
  collapse library dir [/public/software//mpi/intelmpi/2017.4.239/intel64/lib/release_mt] ==> [/public/software/mpi/intelmpi/2017.4.239/intel64/lib/release_mt]
  collapse library dir [/public/software//mpi/intelmpi/2017.4.239/intel64/lib] ==> [/public/software/mpi/intelmpi/2017.4.239/intel64/lib]
  collapse library dir [/usr/lib/gcc/x86_64-redhat-linux/4.8.5] ==> [/usr/lib/gcc/x86_64-redhat-linux/4.8.5]
  collapse library dir [/usr/lib/gcc/x86_64-redhat-linux/4.8.5/../../../../lib64] ==> [/usr/lib64]
  collapse library dir [/lib/../lib64] ==> [/lib64]
  collapse library dir [/usr/lib/../lib64] ==> [/usr/lib64]
  collapse library dir [/public/software//compiler/intel/intel-compiler-2017.5.239/compiler/lib/intel64] ==> [/public/software/compiler/intel/intel-compiler-2017.5.239/compiler/lib/intel64]
  collapse library dir [/public/software//compiler/intel/intel-compiler-2017.5.239/mkl/lib/intel64] ==> [/public/software/compiler/intel/intel-compiler-2017.5.239/mkl/lib/intel64]
  collapse library dir [/public/software//compiler/intel/intel-compiler-2017.5.239/tbb/lib/intel64] ==> [/public/software/compiler/intel/intel-compiler-2017.5.239/tbb/lib/intel64]
  collapse library dir [/usr/lib/gcc/x86_64-redhat-linux/4.8.5/../../..] ==> [/usr/lib]
  implicit libs: [mpifort;mpi;mpigi;dl;rt;pthread;gcc;gcc_s;c;gcc;gcc_s]
  implicit objs: [/usr/lib64/crt1.o;/usr/lib64/crti.o;/usr/lib/gcc/x86_64-redhat-linux/4.8.5/crtbegin.o;/usr/lib/gcc/x86_64-redhat-linux/4.8.5/crtend.o;/usr/lib64/crtn.o]
  implicit dirs: [/public/software/mpi/intelmpi/2017.4.239/intel64/lib/release_mt;/public/software/mpi/intelmpi/2017.4.239/intel64/lib;/usr/lib/gcc/x86_64-redhat-linux/4.8.5;/usr/lib64;/lib64;/public/software/compiler/intel/intel-compiler-2017.5.239/compiler/lib/intel64;/public/software/compiler/intel/intel-compiler-2017.5.239/mkl/lib/intel64;/public/software/compiler/intel/intel-compiler-2017.5.239/tbb/lib/intel64;/usr/lib]
  implicit fwks: []


Detecting CXX compiler ABI info compiled with the following output:
Change Dir: /public/home/zhangyang/schism_ice/schism_git_SG_Moving/schism/src/ParMetis-4.0.3/build/Linux-x86_64/CMakeFiles/CMakeTmp

Run Build Command(s):/usr/bin/gmake -f Makefile cmTC_50e0e/fast && gmake[2]: Entering directory `/public/home/zhangyang/schism_ice/schism_git_SG_Moving/schism/src/ParMetis-4.0.3/build/Linux-x86_64/CMakeFiles/CMakeTmp'
/usr/bin/gmake  -f CMakeFiles/cmTC_50e0e.dir/build.make CMakeFiles/cmTC_50e0e.dir/build
gmake[3]: Entering directory `/public/home/zhangyang/schism_ice/schism_git_SG_Moving/schism/src/ParMetis-4.0.3/build/Linux-x86_64/CMakeFiles/CMakeTmp'
Building CXX object CMakeFiles/cmTC_50e0e.dir/CMakeCXXCompilerABI.cpp.o
/public/software/mpi/intelmpi/2017.4.239/intel64/bin/mpicxx   -v -o CMakeFiles/cmTC_50e0e.dir/CMakeCXXCompilerABI.cpp.o -c /public/home/zhangyang/software/cmake/cmake-3.21.0-linux-x86_64/share/cmake-3.21/Modules/CMakeCXXCompilerABI.cpp
mpigxx for the Intel(R) MPI Library 2017 Update 4 for Linux*
Copyright(C) 2003-2017, Intel Corporation.  All rights reserved.
Using built-in specs.
COLLECT_GCC=g++
Target: x86_64-redhat-linux
Configured with: ../configure --prefix=/usr --mandir=/usr/share/man --infodir=/usr/share/info --with-bugurl=http://bugzilla.redhat.com/bugzilla --enable-bootstrap --enable-shared --enable-threads=posix --enable-checking=release --with-system-zlib --enable-__cxa_atexit --disable-libunwind-exceptions --enable-gnu-unique-object --enable-linker-build-id --with-linker-hash-style=gnu --enable-languages=c,c++,objc,obj-c++,java,fortran,ada,go,lto --enable-plugin --enable-initfini-array --disable-libgcj --with-isl=/builddir/build/BUILD/gcc-4.8.5-20150702/obj-x86_64-redhat-linux/isl-install --with-cloog=/builddir/build/BUILD/gcc-4.8.5-20150702/obj-x86_64-redhat-linux/cloog-install --enable-gnu-indirect-function --with-tune=generic --with-arch_32=x86-64 --build=x86_64-redhat-linux
Thread model: posix
gcc version 4.8.5 20150623 (Red Hat 4.8.5-44) (GCC) 
COLLECT_GCC_OPTIONS='-v' '-o' 'CMakeFiles/cmTC_50e0e.dir/CMakeCXXCompilerABI.cpp.o' '-c' '-I' '/public/software//mpi/intelmpi/2017.4.239/intel64/include' '-shared-libgcc' '-mtune=generic' '-march=x86-64'
 /usr/libexec/gcc/x86_64-redhat-linux/4.8.5/cc1plus -quiet -v -I /public/software//mpi/intelmpi/2017.4.239/intel64/include -D_GNU_SOURCE /public/home/zhangyang/software/cmake/cmake-3.21.0-linux-x86_64/share/cmake-3.21/Modules/CMakeCXXCompilerABI.cpp -quiet -dumpbase CMakeCXXCompilerABI.cpp -mtune=generic -march=x86-64 -auxbase-strip CMakeFiles/cmTC_50e0e.dir/CMakeCXXCompilerABI.cpp.o -version -o /tmp/ccnjrGbG.s
GNU C++ (GCC) version 4.8.5 20150623 (Red Hat 4.8.5-44) (x86_64-redhat-linux)
	compiled by GNU C version 4.8.5 20150623 (Red Hat 4.8.5-44), GMP version 6.0.0, MPFR version 3.1.1, MPC version 1.0.1
GGC heuristics: --param ggc-min-expand=100 --param ggc-min-heapsize=131072
ignoring nonexistent directory "/usr/lib/gcc/x86_64-redhat-linux/4.8.5/include-fixed"
ignoring nonexistent directory "/usr/lib/gcc/x86_64-redhat-linux/4.8.5/../../../../x86_64-redhat-linux/include"
ignoring duplicate directory "/public/software//compiler/intel/intel-compiler-2017.5.239/mkl/include"
#include "..." search starts here:
#include <...> search starts here:
 /public/software//mpi/intelmpi/2017.4.239/intel64/include
 /public/software//compiler/intel/intel-compiler-2017.5.239/mkl/include
 .
 /usr/lib/gcc/x86_64-redhat-linux/4.8.5/../../../../include/c++/4.8.5
 /usr/lib/gcc/x86_64-redhat-linux/4.8.5/../../../../include/c++/4.8.5/x86_64-redhat-linux
 /usr/lib/gcc/x86_64-redhat-linux/4.8.5/../../../../include/c++/4.8.5/backward
 /usr/lib/gcc/x86_64-redhat-linux/4.8.5/include
 /usr/local/include
 /usr/include
End of search list.
GNU C++ (GCC) version 4.8.5 20150623 (Red Hat 4.8.5-44) (x86_64-redhat-linux)
	compiled by GNU C version 4.8.5 20150623 (Red Hat 4.8.5-44), GMP version 6.0.0, MPFR version 3.1.1, MPC version 1.0.1
GGC heuristics: --param ggc-min-expand=100 --param ggc-min-heapsize=131072
Compiler executable checksum: 51b2dcccf6085e5bfbbf3932e5685252
COLLECT_GCC_OPTIONS='-v' '-o' 'CMakeFiles/cmTC_50e0e.dir/CMakeCXXCompilerABI.cpp.o' '-c' '-I' '/public/software//mpi/intelmpi/2017.4.239/intel64/include' '-shared-libgcc' '-mtune=generic' '-march=x86-64'
 as -v -I /public/software//mpi/intelmpi/2017.4.239/intel64/include --64 -o CMakeFiles/cmTC_50e0e.dir/CMakeCXXCompilerABI.cpp.o /tmp/ccnjrGbG.s
GNU assembler version 2.25.1 (x86_64-redhat-linux) using BFD version version 2.25.1-31.base.el7 
COMPILER_PATH=/usr/libexec/gcc/x86_64-redhat-linux/4.8.5/:/usr/libexec/gcc/x86_64-redhat-linux/4.8.5/:/usr/libexec/gcc/x86_64-redhat-linux/:/usr/lib/gcc/x86_64-redhat-linux/4.8.5/:/usr/lib/gcc/x86_64-redhat-linux/
LIBRARY_PATH=/usr/lib/gcc/x86_64-redhat-linux/4.8.5/:/usr/lib/gcc/x86_64-redhat-linux/4.8.5/../../../../lib64/:/lib/../lib64/:/usr/lib/../lib64/:/public/software//compiler/intel/intel-compiler-2017.5.239/compiler/lib/intel64/:/public/software//compiler/intel/intel-compiler-2017.5.239/mkl/lib/intel64/:/public/software//compiler/intel/intel-compiler-2017.5.239/tbb/lib/intel64/:/usr/lib/gcc/x86_64-redhat-linux/4.8.5/../../../:/lib/:/usr/lib/
COLLECT_GCC_OPTIONS='-v' '-o' 'CMakeFiles/cmTC_50e0e.dir/CMakeCXXCompilerABI.cpp.o' '-c' '-I' '/public/software//mpi/intelmpi/2017.4.239/intel64/include' '-shared-libgcc' '-mtune=generic' '-march=x86-64'
Linking CXX executable cmTC_50e0e
/public/home/zhangyang/software/cmake/cmake-3.21.0-linux-x86_64/bin/cmake -E cmake_link_script CMakeFiles/cmTC_50e0e.dir/link.txt --verbose=1
/public/software/mpi/intelmpi/2017.4.239/intel64/bin/mpicxx  -v -rdynamic CMakeFiles/cmTC_50e0e.dir/CMakeCXXCompilerABI.cpp.o -o cmTC_50e0e 
mpigxx for the Intel(R) MPI Library 2017 Update 4 for Linux*
Copyright(C) 2003-2017, Intel Corporation.  All rights reserved.
Using built-in specs.
COLLECT_GCC=g++
COLLECT_LTO_WRAPPER=/usr/libexec/gcc/x86_64-redhat-linux/4.8.5/lto-wrapper
Target: x86_64-redhat-linux
Configured with: ../configure --prefix=/usr --mandir=/usr/share/man --infodir=/usr/share/info --with-bugurl=http://bugzilla.redhat.com/bugzilla --enable-bootstrap --enable-shared --enable-threads=posix --enable-checking=release --with-system-zlib --enable-__cxa_atexit --disable-libunwind-exceptions --enable-gnu-unique-object --enable-linker-build-id --with-linker-hash-style=gnu --enable-languages=c,c++,objc,obj-c++,java,fortran,ada,go,lto --enable-plugin --enable-initfini-array --disable-libgcj --with-isl=/builddir/build/BUILD/gcc-4.8.5-20150702/obj-x86_64-redhat-linux/isl-install --with-cloog=/builddir/build/BUILD/gcc-4.8.5-20150702/obj-x86_64-redhat-linux/cloog-install --enable-gnu-indirect-function --with-tune=generic --with-arch_32=x86-64 --build=x86_64-redhat-linux
Thread model: posix
gcc version 4.8.5 20150623 (Red Hat 4.8.5-44) (GCC) 
COMPILER_PATH=/usr/libexec/gcc/x86_64-redhat-linux/4.8.5/:/usr/libexec/gcc/x86_64-redhat-linux/4.8.5/:/usr/libexec/gcc/x86_64-redhat-linux/:/usr/lib/gcc/x86_64-redhat-linux/4.8.5/:/usr/lib/gcc/x86_64-redhat-linux/
LIBRARY_PATH=/usr/lib/gcc/x86_64-redhat-linux/4.8.5/:/usr/lib/gcc/x86_64-redhat-linux/4.8.5/../../../../lib64/:/lib/../lib64/:/usr/lib/../lib64/:/public/software//compiler/intel/intel-compiler-2017.5.239/compiler/lib/intel64/:/public/software//compiler/intel/intel-compiler-2017.5.239/mkl/lib/intel64/:/public/software//compiler/intel/intel-compiler-2017.5.239/tbb/lib/intel64/:/usr/lib/gcc/x86_64-redhat-linux/4.8.5/../../../:/lib/:/usr/lib/
COLLECT_GCC_OPTIONS='-v' '-rdynamic' '-o' 'cmTC_50e0e' '-I' '/public/software//mpi/intelmpi/2017.4.239/intel64/include' '-L/public/software//mpi/intelmpi/2017.4.239/intel64/lib/release_mt' '-L/public/software//mpi/intelmpi/2017.4.239/intel64/lib' '-shared-libgcc' '-mtune=generic' '-march=x86-64'
 /usr/libexec/gcc/x86_64-redhat-linux/4.8.5/collect2 --build-id --no-add-needed --eh-frame-hdr --hash-style=gnu -m elf_x86_64 -export-dynamic -dynamic-linker /lib64/ld-linux-x86-64.so.2 -o cmTC_50e0e /usr/lib/gcc/x86_64-redhat-linux/4.8.5/../../../../lib64/crt1.o /usr/lib/gcc/x86_64-redhat-linux/4.8.5/../../../../lib64/crti.o /usr/lib/gcc/x86_64-redhat-linux/4.8.5/crtbegin.o -L/public/software//mpi/intelmpi/2017.4.239/intel64/lib/release_mt -L/public/software//mpi/intelmpi/2017.4.239/intel64/lib -L/usr/lib/gcc/x86_64-redhat-linux/4.8.5 -L/usr/lib/gcc/x86_64-redhat-linux/4.8.5/../../../../lib64 -L/lib/../lib64 -L/usr/lib/../lib64 -L/public/software//compiler/intel/intel-compiler-2017.5.239/compiler/lib/intel64 -L/public/software//compiler/intel/intel-compiler-2017.5.239/mkl/lib/intel64 -L/public/software//compiler/intel/intel-compiler-2017.5.239/tbb/lib/intel64 -L/usr/lib/gcc/x86_64-redhat-linux/4.8.5/../../.. CMakeFiles/cmTC_50e0e.dir/CMakeCXXCompilerABI.cpp.o --enable-new-dtags -rpath /public/software//mpi/intelmpi/2017.4.239/intel64/lib/release_mt -rpath /public/software//mpi/intelmpi/2017.4.239/intel64/lib -rpath /opt/intel/mpi-rt/2017.0.0/intel64/lib/release_mt -rpath /opt/intel/mpi-rt/2017.0.0/intel64/lib -lmpicxx -lmpifort -lmpi -lmpigi -ldl -lrt -lpthread -lstdc++ -lm -lgcc_s -lgcc -lc -lgcc_s -lgcc /usr/lib/gcc/x86_64-redhat-linux/4.8.5/crtend.o /usr/lib/gcc/x86_64-redhat-linux/4.8.5/../../../../lib64/crtn.o
gmake[3]: Leaving directory `/public/home/zhangyang/schism_ice/schism_git_SG_Moving/schism/src/ParMetis-4.0.3/build/Linux-x86_64/CMakeFiles/CMakeTmp'
gmake[2]: Leaving directory `/public/home/zhangyang/schism_ice/schism_git_SG_Moving/schism/src/ParMetis-4.0.3/build/Linux-x86_64/CMakeFiles/CMakeTmp'



Parsed CXX implicit include dir info from above output: rv=done
  found start of include info
  found start of implicit include info
    add: [/public/software//mpi/intelmpi/2017.4.239/intel64/include]
    add: [/public/software//compiler/intel/intel-compiler-2017.5.239/mkl/include]
    add: [.]
    add: [/usr/lib/gcc/x86_64-redhat-linux/4.8.5/../../../../include/c++/4.8.5]
    add: [/usr/lib/gcc/x86_64-redhat-linux/4.8.5/../../../../include/c++/4.8.5/x86_64-redhat-linux]
    add: [/usr/lib/gcc/x86_64-redhat-linux/4.8.5/../../../../include/c++/4.8.5/backward]
    add: [/usr/lib/gcc/x86_64-redhat-linux/4.8.5/include]
    add: [/usr/local/include]
    add: [/usr/include]
  end of search list found
  collapse include dir [/public/software//mpi/intelmpi/2017.4.239/intel64/include] ==> [/public/software/mpi/intelmpi/2017.4.239/intel64/include]
  collapse include dir [/public/software//compiler/intel/intel-compiler-2017.5.239/mkl/include] ==> [/public/software/compiler/intel/intel-compiler-2017.5.239/mkl/include]
  skipping relative include dir [.]
  collapse include dir [/usr/lib/gcc/x86_64-redhat-linux/4.8.5/../../../../include/c++/4.8.5] ==> [/usr/include/c++/4.8.5]
  collapse include dir [/usr/lib/gcc/x86_64-redhat-linux/4.8.5/../../../../include/c++/4.8.5/x86_64-redhat-linux] ==> [/usr/include/c++/4.8.5/x86_64-redhat-linux]
  collapse include dir [/usr/lib/gcc/x86_64-redhat-linux/4.8.5/../../../../include/c++/4.8.5/backward] ==> [/usr/include/c++/4.8.5/backward]
  collapse include dir [/usr/lib/gcc/x86_64-redhat-linux/4.8.5/include] ==> [/usr/lib/gcc/x86_64-redhat-linux/4.8.5/include]
  collapse include dir [/usr/local/include] ==> [/usr/local/include]
  collapse include dir [/usr/include] ==> [/usr/include]
  implicit include dirs: [/public/software/mpi/intelmpi/2017.4.239/intel64/include;/public/software/compiler/intel/intel-compiler-2017.5.239/mkl/include;/usr/include/c++/4.8.5;/usr/include/c++/4.8.5/x86_64-redhat-linux;/usr/include/c++/4.8.5/backward;/usr/lib/gcc/x86_64-redhat-linux/4.8.5/include;/usr/local/include;/usr/include]


Parsed CXX implicit link information from above output:
  link line regex: [^( *|.*[/\])(ld|CMAKE_LINK_STARTFILE-NOTFOUND|([^/\]+-)?ld|collect2)[^/\]*( |$)]
  ignore line: [Change Dir: /public/home/zhangyang/schism_ice/schism_git_SG_Moving/schism/src/ParMetis-4.0.3/build/Linux-x86_64/CMakeFiles/CMakeTmp]
  ignore line: []
  ignore line: [Run Build Command(s):/usr/bin/gmake -f Makefile cmTC_50e0e/fast && gmake[2]: Entering directory `/public/home/zhangyang/schism_ice/schism_git_SG_Moving/schism/src/ParMetis-4.0.3/build/Linux-x86_64/CMakeFiles/CMakeTmp']
  ignore line: [/usr/bin/gmake  -f CMakeFiles/cmTC_50e0e.dir/build.make CMakeFiles/cmTC_50e0e.dir/build]
  ignore line: [gmake[3]: Entering directory `/public/home/zhangyang/schism_ice/schism_git_SG_Moving/schism/src/ParMetis-4.0.3/build/Linux-x86_64/CMakeFiles/CMakeTmp']
  ignore line: [Building CXX object CMakeFiles/cmTC_50e0e.dir/CMakeCXXCompilerABI.cpp.o]
  ignore line: [/public/software/mpi/intelmpi/2017.4.239/intel64/bin/mpicxx   -v -o CMakeFiles/cmTC_50e0e.dir/CMakeCXXCompilerABI.cpp.o -c /public/home/zhangyang/software/cmake/cmake-3.21.0-linux-x86_64/share/cmake-3.21/Modules/CMakeCXXCompilerABI.cpp]
  ignore line: [mpigxx for the Intel(R) MPI Library 2017 Update 4 for Linux*]
  ignore line: [Copyright(C) 2003-2017  Intel Corporation.  All rights reserved.]
  ignore line: [Using built-in specs.]
  ignore line: [COLLECT_GCC=g++]
  ignore line: [Target: x86_64-redhat-linux]
  ignore line: [Configured with: ../configure --prefix=/usr --mandir=/usr/share/man --infodir=/usr/share/info --with-bugurl=http://bugzilla.redhat.com/bugzilla --enable-bootstrap --enable-shared --enable-threads=posix --enable-checking=release --with-system-zlib --enable-__cxa_atexit --disable-libunwind-exceptions --enable-gnu-unique-object --enable-linker-build-id --with-linker-hash-style=gnu --enable-languages=c c++ objc obj-c++ java fortran ada go lto --enable-plugin --enable-initfini-array --disable-libgcj --with-isl=/builddir/build/BUILD/gcc-4.8.5-20150702/obj-x86_64-redhat-linux/isl-install --with-cloog=/builddir/build/BUILD/gcc-4.8.5-20150702/obj-x86_64-redhat-linux/cloog-install --enable-gnu-indirect-function --with-tune=generic --with-arch_32=x86-64 --build=x86_64-redhat-linux]
  ignore line: [Thread model: posix]
  ignore line: [gcc version 4.8.5 20150623 (Red Hat 4.8.5-44) (GCC) ]
  ignore line: [COLLECT_GCC_OPTIONS='-v' '-o' 'CMakeFiles/cmTC_50e0e.dir/CMakeCXXCompilerABI.cpp.o' '-c' '-I' '/public/software//mpi/intelmpi/2017.4.239/intel64/include' '-shared-libgcc' '-mtune=generic' '-march=x86-64']
  ignore line: [ /usr/libexec/gcc/x86_64-redhat-linux/4.8.5/cc1plus -quiet -v -I /public/software//mpi/intelmpi/2017.4.239/intel64/include -D_GNU_SOURCE /public/home/zhangyang/software/cmake/cmake-3.21.0-linux-x86_64/share/cmake-3.21/Modules/CMakeCXXCompilerABI.cpp -quiet -dumpbase CMakeCXXCompilerABI.cpp -mtune=generic -march=x86-64 -auxbase-strip CMakeFiles/cmTC_50e0e.dir/CMakeCXXCompilerABI.cpp.o -version -o /tmp/ccnjrGbG.s]
  ignore line: [GNU C++ (GCC) version 4.8.5 20150623 (Red Hat 4.8.5-44) (x86_64-redhat-linux)]
  ignore line: [	compiled by GNU C version 4.8.5 20150623 (Red Hat 4.8.5-44)  GMP version 6.0.0  MPFR version 3.1.1  MPC version 1.0.1]
  ignore line: [GGC heuristics: --param ggc-min-expand=100 --param ggc-min-heapsize=131072]
  ignore line: [ignoring nonexistent directory "/usr/lib/gcc/x86_64-redhat-linux/4.8.5/include-fixed"]
  ignore line: [ignoring nonexistent directory "/usr/lib/gcc/x86_64-redhat-linux/4.8.5/../../../../x86_64-redhat-linux/include"]
  ignore line: [ignoring duplicate directory "/public/software//compiler/intel/intel-compiler-2017.5.239/mkl/include"]
  ignore line: [#include "..." search starts here:]
  ignore line: [#include <...> search starts here:]
  ignore line: [ /public/software//mpi/intelmpi/2017.4.239/intel64/include]
  ignore line: [ /public/software//compiler/intel/intel-compiler-2017.5.239/mkl/include]
  ignore line: [ .]
  ignore line: [ /usr/lib/gcc/x86_64-redhat-linux/4.8.5/../../../../include/c++/4.8.5]
  ignore line: [ /usr/lib/gcc/x86_64-redhat-linux/4.8.5/../../../../include/c++/4.8.5/x86_64-redhat-linux]
  ignore line: [ /usr/lib/gcc/x86_64-redhat-linux/4.8.5/../../../../include/c++/4.8.5/backward]
  ignore line: [ /usr/lib/gcc/x86_64-redhat-linux/4.8.5/include]
  ignore line: [ /usr/local/include]
  ignore line: [ /usr/include]
  ignore line: [End of search list.]
  ignore line: [GNU C++ (GCC) version 4.8.5 20150623 (Red Hat 4.8.5-44) (x86_64-redhat-linux)]
  ignore line: [	compiled by GNU C version 4.8.5 20150623 (Red Hat 4.8.5-44)  GMP version 6.0.0  MPFR version 3.1.1  MPC version 1.0.1]
  ignore line: [GGC heuristics: --param ggc-min-expand=100 --param ggc-min-heapsize=131072]
  ignore line: [Compiler executable checksum: 51b2dcccf6085e5bfbbf3932e5685252]
  ignore line: [COLLECT_GCC_OPTIONS='-v' '-o' 'CMakeFiles/cmTC_50e0e.dir/CMakeCXXCompilerABI.cpp.o' '-c' '-I' '/public/software//mpi/intelmpi/2017.4.239/intel64/include' '-shared-libgcc' '-mtune=generic' '-march=x86-64']
  ignore line: [ as -v -I /public/software//mpi/intelmpi/2017.4.239/intel64/include --64 -o CMakeFiles/cmTC_50e0e.dir/CMakeCXXCompilerABI.cpp.o /tmp/ccnjrGbG.s]
  ignore line: [GNU assembler version 2.25.1 (x86_64-redhat-linux) using BFD version version 2.25.1-31.base.el7 ]
  ignore line: [COMPILER_PATH=/usr/libexec/gcc/x86_64-redhat-linux/4.8.5/:/usr/libexec/gcc/x86_64-redhat-linux/4.8.5/:/usr/libexec/gcc/x86_64-redhat-linux/:/usr/lib/gcc/x86_64-redhat-linux/4.8.5/:/usr/lib/gcc/x86_64-redhat-linux/]
  ignore line: [LIBRARY_PATH=/usr/lib/gcc/x86_64-redhat-linux/4.8.5/:/usr/lib/gcc/x86_64-redhat-linux/4.8.5/../../../../lib64/:/lib/../lib64/:/usr/lib/../lib64/:/public/software//compiler/intel/intel-compiler-2017.5.239/compiler/lib/intel64/:/public/software//compiler/intel/intel-compiler-2017.5.239/mkl/lib/intel64/:/public/software//compiler/intel/intel-compiler-2017.5.239/tbb/lib/intel64/:/usr/lib/gcc/x86_64-redhat-linux/4.8.5/../../../:/lib/:/usr/lib/]
  ignore line: [COLLECT_GCC_OPTIONS='-v' '-o' 'CMakeFiles/cmTC_50e0e.dir/CMakeCXXCompilerABI.cpp.o' '-c' '-I' '/public/software//mpi/intelmpi/2017.4.239/intel64/include' '-shared-libgcc' '-mtune=generic' '-march=x86-64']
  ignore line: [Linking CXX executable cmTC_50e0e]
  ignore line: [/public/home/zhangyang/software/cmake/cmake-3.21.0-linux-x86_64/bin/cmake -E cmake_link_script CMakeFiles/cmTC_50e0e.dir/link.txt --verbose=1]
  ignore line: [/public/software/mpi/intelmpi/2017.4.239/intel64/bin/mpicxx  -v -rdynamic CMakeFiles/cmTC_50e0e.dir/CMakeCXXCompilerABI.cpp.o -o cmTC_50e0e ]
  ignore line: [mpigxx for the Intel(R) MPI Library 2017 Update 4 for Linux*]
  ignore line: [Copyright(C) 2003-2017  Intel Corporation.  All rights reserved.]
  ignore line: [Using built-in specs.]
  ignore line: [COLLECT_GCC=g++]
  ignore line: [COLLECT_LTO_WRAPPER=/usr/libexec/gcc/x86_64-redhat-linux/4.8.5/lto-wrapper]
  ignore line: [Target: x86_64-redhat-linux]
  ignore line: [Configured with: ../configure --prefix=/usr --mandir=/usr/share/man --infodir=/usr/share/info --with-bugurl=http://bugzilla.redhat.com/bugzilla --enable-bootstrap --enable-shared --enable-threads=posix --enable-checking=release --with-system-zlib --enable-__cxa_atexit --disable-libunwind-exceptions --enable-gnu-unique-object --enable-linker-build-id --with-linker-hash-style=gnu --enable-languages=c c++ objc obj-c++ java fortran ada go lto --enable-plugin --enable-initfini-array --disable-libgcj --with-isl=/builddir/build/BUILD/gcc-4.8.5-20150702/obj-x86_64-redhat-linux/isl-install --with-cloog=/builddir/build/BUILD/gcc-4.8.5-20150702/obj-x86_64-redhat-linux/cloog-install --enable-gnu-indirect-function --with-tune=generic --with-arch_32=x86-64 --build=x86_64-redhat-linux]
  ignore line: [Thread model: posix]
  ignore line: [gcc version 4.8.5 20150623 (Red Hat 4.8.5-44) (GCC) ]
  ignore line: [COMPILER_PATH=/usr/libexec/gcc/x86_64-redhat-linux/4.8.5/:/usr/libexec/gcc/x86_64-redhat-linux/4.8.5/:/usr/libexec/gcc/x86_64-redhat-linux/:/usr/lib/gcc/x86_64-redhat-linux/4.8.5/:/usr/lib/gcc/x86_64-redhat-linux/]
  ignore line: [LIBRARY_PATH=/usr/lib/gcc/x86_64-redhat-linux/4.8.5/:/usr/lib/gcc/x86_64-redhat-linux/4.8.5/../../../../lib64/:/lib/../lib64/:/usr/lib/../lib64/:/public/software//compiler/intel/intel-compiler-2017.5.239/compiler/lib/intel64/:/public/software//compiler/intel/intel-compiler-2017.5.239/mkl/lib/intel64/:/public/software//compiler/intel/intel-compiler-2017.5.239/tbb/lib/intel64/:/usr/lib/gcc/x86_64-redhat-linux/4.8.5/../../../:/lib/:/usr/lib/]
  ignore line: [COLLECT_GCC_OPTIONS='-v' '-rdynamic' '-o' 'cmTC_50e0e' '-I' '/public/software//mpi/intelmpi/2017.4.239/intel64/include' '-L/public/software//mpi/intelmpi/2017.4.239/intel64/lib/release_mt' '-L/public/software//mpi/intelmpi/2017.4.239/intel64/lib' '-shared-libgcc' '-mtune=generic' '-march=x86-64']
  link line: [ /usr/libexec/gcc/x86_64-redhat-linux/4.8.5/collect2 --build-id --no-add-needed --eh-frame-hdr --hash-style=gnu -m elf_x86_64 -export-dynamic -dynamic-linker /lib64/ld-linux-x86-64.so.2 -o cmTC_50e0e /usr/lib/gcc/x86_64-redhat-linux/4.8.5/../../../../lib64/crt1.o /usr/lib/gcc/x86_64-redhat-linux/4.8.5/../../../../lib64/crti.o /usr/lib/gcc/x86_64-redhat-linux/4.8.5/crtbegin.o -L/public/software//mpi/intelmpi/2017.4.239/intel64/lib/release_mt -L/public/software//mpi/intelmpi/2017.4.239/intel64/lib -L/usr/lib/gcc/x86_64-redhat-linux/4.8.5 -L/usr/lib/gcc/x86_64-redhat-linux/4.8.5/../../../../lib64 -L/lib/../lib64 -L/usr/lib/../lib64 -L/public/software//compiler/intel/intel-compiler-2017.5.239/compiler/lib/intel64 -L/public/software//compiler/intel/intel-compiler-2017.5.239/mkl/lib/intel64 -L/public/software//compiler/intel/intel-compiler-2017.5.239/tbb/lib/intel64 -L/usr/lib/gcc/x86_64-redhat-linux/4.8.5/../../.. CMakeFiles/cmTC_50e0e.dir/CMakeCXXCompilerABI.cpp.o --enable-new-dtags -rpath /public/software//mpi/intelmpi/2017.4.239/intel64/lib/release_mt -rpath /public/software//mpi/intelmpi/2017.4.239/intel64/lib -rpath /opt/intel/mpi-rt/2017.0.0/intel64/lib/release_mt -rpath /opt/intel/mpi-rt/2017.0.0/intel64/lib -lmpicxx -lmpifort -lmpi -lmpigi -ldl -lrt -lpthread -lstdc++ -lm -lgcc_s -lgcc -lc -lgcc_s -lgcc /usr/lib/gcc/x86_64-redhat-linux/4.8.5/crtend.o /usr/lib/gcc/x86_64-redhat-linux/4.8.5/../../../../lib64/crtn.o]
    arg [/usr/libexec/gcc/x86_64-redhat-linux/4.8.5/collect2] ==> ignore
    arg [--build-id] ==> ignore
    arg [--no-add-needed] ==> ignore
    arg [--eh-frame-hdr] ==> ignore
    arg [--hash-style=gnu] ==> ignore
    arg [-m] ==> ignore
    arg [elf_x86_64] ==> ignore
    arg [-export-dynamic] ==> ignore
    arg [-dynamic-linker] ==> ignore
    arg [/lib64/ld-linux-x86-64.so.2] ==> ignore
    arg [-o] ==> ignore
    arg [cmTC_50e0e] ==> ignore
    arg [/usr/lib/gcc/x86_64-redhat-linux/4.8.5/../../../../lib64/crt1.o] ==> obj [/usr/lib/gcc/x86_64-redhat-linux/4.8.5/../../../../lib64/crt1.o]
    arg [/usr/lib/gcc/x86_64-redhat-linux/4.8.5/../../../../lib64/crti.o] ==> obj [/usr/lib/gcc/x86_64-redhat-linux/4.8.5/../../../../lib64/crti.o]
    arg [/usr/lib/gcc/x86_64-redhat-linux/4.8.5/crtbegin.o] ==> obj [/usr/lib/gcc/x86_64-redhat-linux/4.8.5/crtbegin.o]
    arg [-L/public/software//mpi/intelmpi/2017.4.239/intel64/lib/release_mt] ==> dir [/public/software//mpi/intelmpi/2017.4.239/intel64/lib/release_mt]
    arg [-L/public/software//mpi/intelmpi/2017.4.239/intel64/lib] ==> dir [/public/software//mpi/intelmpi/2017.4.239/intel64/lib]
    arg [-L/usr/lib/gcc/x86_64-redhat-linux/4.8.5] ==> dir [/usr/lib/gcc/x86_64-redhat-linux/4.8.5]
    arg [-L/usr/lib/gcc/x86_64-redhat-linux/4.8.5/../../../../lib64] ==> dir [/usr/lib/gcc/x86_64-redhat-linux/4.8.5/../../../../lib64]
    arg [-L/lib/../lib64] ==> dir [/lib/../lib64]
    arg [-L/usr/lib/../lib64] ==> dir [/usr/lib/../lib64]
    arg [-L/public/software//compiler/intel/intel-compiler-2017.5.239/compiler/lib/intel64] ==> dir [/public/software//compiler/intel/intel-compiler-2017.5.239/compiler/lib/intel64]
    arg [-L/public/software//compiler/intel/intel-compiler-2017.5.239/mkl/lib/intel64] ==> dir [/public/software//compiler/intel/intel-compiler-2017.5.239/mkl/lib/intel64]
    arg [-L/public/software//compiler/intel/intel-compiler-2017.5.239/tbb/lib/intel64] ==> dir [/public/software//compiler/intel/intel-compiler-2017.5.239/tbb/lib/intel64]
    arg [-L/usr/lib/gcc/x86_64-redhat-linux/4.8.5/../../..] ==> dir [/usr/lib/gcc/x86_64-redhat-linux/4.8.5/../../..]
    arg [CMakeFiles/cmTC_50e0e.dir/CMakeCXXCompilerABI.cpp.o] ==> ignore
    arg [--enable-new-dtags] ==> ignore
    arg [-rpath] ==> ignore
    arg [/public/software//mpi/intelmpi/2017.4.239/intel64/lib/release_mt] ==> ignore
    arg [-rpath] ==> ignore
    arg [/public/software//mpi/intelmpi/2017.4.239/intel64/lib] ==> ignore
    arg [-rpath] ==> ignore
    arg [/opt/intel/mpi-rt/2017.0.0/intel64/lib/release_mt] ==> ignore
    arg [-rpath] ==> ignore
    arg [/opt/intel/mpi-rt/2017.0.0/intel64/lib] ==> ignore
    arg [-lmpicxx] ==> lib [mpicxx]
    arg [-lmpifort] ==> lib [mpifort]
    arg [-lmpi] ==> lib [mpi]
    arg [-lmpigi] ==> lib [mpigi]
    arg [-ldl] ==> lib [dl]
    arg [-lrt] ==> lib [rt]
    arg [-lpthread] ==> lib [pthread]
    arg [-lstdc++] ==> lib [stdc++]
    arg [-lm] ==> lib [m]
    arg [-lgcc_s] ==> lib [gcc_s]
    arg [-lgcc] ==> lib [gcc]
    arg [-lc] ==> lib [c]
    arg [-lgcc_s] ==> lib [gcc_s]
    arg [-lgcc] ==> lib [gcc]
    arg [/usr/lib/gcc/x86_64-redhat-linux/4.8.5/crtend.o] ==> obj [/usr/lib/gcc/x86_64-redhat-linux/4.8.5/crtend.o]
    arg [/usr/lib/gcc/x86_64-redhat-linux/4.8.5/../../../../lib64/crtn.o] ==> obj [/usr/lib/gcc/x86_64-redhat-linux/4.8.5/../../../../lib64/crtn.o]
  collapse obj [/usr/lib/gcc/x86_64-redhat-linux/4.8.5/../../../../lib64/crt1.o] ==> [/usr/lib64/crt1.o]
  collapse obj [/usr/lib/gcc/x86_64-redhat-linux/4.8.5/../../../../lib64/crti.o] ==> [/usr/lib64/crti.o]
  collapse obj [/usr/lib/gcc/x86_64-redhat-linux/4.8.5/../../../../lib64/crtn.o] ==> [/usr/lib64/crtn.o]
  collapse library dir [/public/software//mpi/intelmpi/2017.4.239/intel64/lib/release_mt] ==> [/public/software/mpi/intelmpi/2017.4.239/intel64/lib/release_mt]
  collapse library dir [/public/software//mpi/intelmpi/2017.4.239/intel64/lib] ==> [/public/software/mpi/intelmpi/2017.4.239/intel64/lib]
  collapse library dir [/usr/lib/gcc/x86_64-redhat-linux/4.8.5] ==> [/usr/lib/gcc/x86_64-redhat-linux/4.8.5]
  collapse library dir [/usr/lib/gcc/x86_64-redhat-linux/4.8.5/../../../../lib64] ==> [/usr/lib64]
  collapse library dir [/lib/../lib64] ==> [/lib64]
  collapse library dir [/usr/lib/../lib64] ==> [/usr/lib64]
  collapse library dir [/public/software//compiler/intel/intel-compiler-2017.5.239/compiler/lib/intel64] ==> [/public/software/compiler/intel/intel-compiler-2017.5.239/compiler/lib/intel64]
  collapse library dir [/public/software//compiler/intel/intel-compiler-2017.5.239/mkl/lib/intel64] ==> [/public/software/compiler/intel/intel-compiler-2017.5.239/mkl/lib/intel64]
  collapse library dir [/public/software//compiler/intel/intel-compiler-2017.5.239/tbb/lib/intel64] ==> [/public/software/compiler/intel/intel-compiler-2017.5.239/tbb/lib/intel64]
  collapse library dir [/usr/lib/gcc/x86_64-redhat-linux/4.8.5/../../..] ==> [/usr/lib]
  implicit libs: [mpicxx;mpifort;mpi;mpigi;dl;rt;pthread;stdc++;m;gcc_s;gcc;c;gcc_s;gcc]
  implicit objs: [/usr/lib64/crt1.o;/usr/lib64/crti.o;/usr/lib/gcc/x86_64-redhat-linux/4.8.5/crtbegin.o;/usr/lib/gcc/x86_64-redhat-linux/4.8.5/crtend.o;/usr/lib64/crtn.o]
  implicit dirs: [/public/software/mpi/intelmpi/2017.4.239/intel64/lib/release_mt;/public/software/mpi/intelmpi/2017.4.239/intel64/lib;/usr/lib/gcc/x86_64-redhat-linux/4.8.5;/usr/lib64;/lib64;/public/software/compiler/intel/intel-compiler-2017.5.239/compiler/lib/intel64;/public/software/compiler/intel/intel-compiler-2017.5.239/mkl/lib/intel64;/public/software/compiler/intel/intel-compiler-2017.5.239/tbb/lib/intel64;/usr/lib]
  implicit fwks: []




Detecting CXX [-std=c++1y] compiler features compiled with the following output:
Change Dir: /public/home/zhangyang/schism_ice/schism_git_SG_Moving/schism/src/ParMetis-4.0.3/build/Linux-x86_64/CMakeFiles/CMakeTmp

Run Build Command(s):/usr/bin/gmake -f Makefile cmTC_3d6b2/fast && gmake[2]: Entering directory `/public/home/zhangyang/schism_ice/schism_git_SG_Moving/schism/src/ParMetis-4.0.3/build/Linux-x86_64/CMakeFiles/CMakeTmp'
/usr/bin/gmake  -f CMakeFiles/cmTC_3d6b2.dir/build.make CMakeFiles/cmTC_3d6b2.dir/build
gmake[3]: Entering directory `/public/home/zhangyang/schism_ice/schism_git_SG_Moving/schism/src/ParMetis-4.0.3/build/Linux-x86_64/CMakeFiles/CMakeTmp'
Building CXX object CMakeFiles/cmTC_3d6b2.dir/feature_tests.cxx.o
/public/software/mpi/intelmpi/2017.4.239/intel64/bin/mpicxx   -std=c++1y -o CMakeFiles/cmTC_3d6b2.dir/feature_tests.cxx.o -c /public/home/zhangyang/schism_ice/schism_git_SG_Moving/schism/src/ParMetis-4.0.3/build/Linux-x86_64/CMakeFiles/feature_tests.cxx
Linking CXX executable cmTC_3d6b2
/public/home/zhangyang/software/cmake/cmake-3.21.0-linux-x86_64/bin/cmake -E cmake_link_script CMakeFiles/cmTC_3d6b2.dir/link.txt --verbose=1
/public/software/mpi/intelmpi/2017.4.239/intel64/bin/mpicxx -rdynamic CMakeFiles/cmTC_3d6b2.dir/feature_tests.cxx.o -o cmTC_3d6b2 
gmake[3]: Leaving directory `/public/home/zhangyang/schism_ice/schism_git_SG_Moving/schism/src/ParMetis-4.0.3/build/Linux-x86_64/CMakeFiles/CMakeTmp'
gmake[2]: Leaving directory `/public/home/zhangyang/schism_ice/schism_git_SG_Moving/schism/src/ParMetis-4.0.3/build/Linux-x86_64/CMakeFiles/CMakeTmp'



    Feature record: CXX_FEATURE:1cxx_template_template_parameters
    Feature record: CXX_FEATURE:1cxx_alias_templates
    Feature record: CXX_FEATURE:1cxx_alignas
    Feature record: CXX_FEATURE:1cxx_alignof
    Feature record: CXX_FEATURE:1cxx_attributes
    Feature record: CXX_FEATURE:1cxx_auto_type
    Feature record: CXX_FEATURE:1cxx_constexpr
    Feature record: CXX_FEATURE:1cxx_decltype
    Feature record: CXX_FEATURE:1cxx_decltype_incomplete_return_types
    Feature record: CXX_FEATURE:1cxx_default_function_template_args
    Feature record: CXX_FEATURE:1cxx_defaulted_functions
    Feature record: CXX_FEATURE:1cxx_defaulted_move_initializers
    Feature record: CXX_FEATURE:1cxx_delegating_constructors
    Feature record: CXX_FEATURE:1cxx_deleted_functions
    Feature record: CXX_FEATURE:1cxx_enum_forward_declarations
    Feature record: CXX_FEATURE:1cxx_explicit_conversions
    Feature record: CXX_FEATURE:1cxx_extended_friend_declarations
    Feature record: CXX_FEATURE:1cxx_extern_templates
    Feature record: CXX_FEATURE:1cxx_final
    Feature record: CXX_FEATURE:1cxx_func_identifier
    Feature record: CXX_FEATURE:1cxx_generalized_initializers
    Feature record: CXX_FEATURE:1cxx_inheriting_constructors
    Feature record: CXX_FEATURE:1cxx_inline_namespaces
    Feature record: CXX_FEATURE:1cxx_lambdas
    Feature record: CXX_FEATURE:1cxx_local_type_template_args
    Feature record: CXX_FEATURE:1cxx_long_long_type
    Feature record: CXX_FEATURE:1cxx_noexcept
    Feature record: CXX_FEATURE:1cxx_nonstatic_member_init
    Feature record: CXX_FEATURE:1cxx_nullptr
    Feature record: CXX_FEATURE:1cxx_override
    Feature record: CXX_FEATURE:1cxx_range_for
    Feature record: CXX_FEATURE:1cxx_raw_string_literals
    Feature record: CXX_FEATURE:1cxx_reference_qualified_functions
    Feature record: CXX_FEATURE:1cxx_right_angle_brackets
    Feature record: CXX_FEATURE:1cxx_rvalue_references
    Feature record: CXX_FEATURE:1cxx_sizeof_member
    Feature record: CXX_FEATURE:1cxx_static_assert
    Feature record: CXX_FEATURE:1cxx_strong_enums
    Feature record: CXX_FEATURE:1cxx_thread_local
    Feature record: CXX_FEATURE:1cxx_trailing_return_types
    Feature record: CXX_FEATURE:1cxx_unicode_literals
    Feature record: CXX_FEATURE:1cxx_uniform_initialization
    Feature record: CXX_FEATURE:1cxx_unrestricted_unions
    Feature record: CXX_FEATURE:1cxx_user_literals
    Feature record: CXX_FEATURE:1cxx_variadic_macros
    Feature record: CXX_FEATURE:1cxx_variadic_templates
    Feature record: CXX_FEATURE:0cxx_aggregate_default_initializers
    Feature record: CXX_FEATURE:0cxx_attribute_deprecated
    Feature record: CXX_FEATURE:0cxx_binary_literals
    Feature record: CXX_FEATURE:0cxx_contextual_conversions
    Feature record: CXX_FEATURE:0cxx_decltype_auto
    Feature record: CXX_FEATURE:0cxx_digit_separators
    Feature record: CXX_FEATURE:0cxx_generic_lambdas
    Feature record: CXX_FEATURE:0cxx_lambda_init_captures
    Feature record: CXX_FEATURE:0cxx_relaxed_constexpr
    Feature record: CXX_FEATURE:0cxx_return_type_deduction
    Feature record: CXX_FEATURE:0cxx_variable_templates
Determining if the include file execinfo.h exists passed with the following output:
Change Dir: /public/home/zhangyang/schism_ice/schism_git_SG_Moving/schism/src/ParMetis-4.0.3/build/Linux-x86_64/CMakeFiles/CMakeTmp

Run Build Command(s):/usr/bin/gmake -f Makefile cmTC_65f43/fast && gmake[2]: Entering directory `/public/home/zhangyang/schism_ice/schism_git_SG_Moving/schism/src/ParMetis-4.0.3/build/Linux-x86_64/CMakeFiles/CMakeTmp'
/usr/bin/gmake  -f CMakeFiles/cmTC_65f43.dir/build.make CMakeFiles/cmTC_65f43.dir/build
gmake[3]: Entering directory `/public/home/zhangyang/schism_ice/schism_git_SG_Moving/schism/src/ParMetis-4.0.3/build/Linux-x86_64/CMakeFiles/CMakeTmp'
Building C object CMakeFiles/cmTC_65f43.dir/CheckIncludeFile.c.o
/public/software/mpi/intelmpi/2017.4.239/intel64/bin/mpicc    -o CMakeFiles/cmTC_65f43.dir/CheckIncludeFile.c.o -c /public/home/zhangyang/schism_ice/schism_git_SG_Moving/schism/src/ParMetis-4.0.3/build/Linux-x86_64/CMakeFiles/CMakeTmp/CheckIncludeFile.c
Linking C executable cmTC_65f43
/public/home/zhangyang/software/cmake/cmake-3.21.0-linux-x86_64/bin/cmake -E cmake_link_script CMakeFiles/cmTC_65f43.dir/link.txt --verbose=1
/public/software/mpi/intelmpi/2017.4.239/intel64/bin/mpicc -rdynamic CMakeFiles/cmTC_65f43.dir/CheckIncludeFile.c.o -o cmTC_65f43 
gmake[3]: Leaving directory `/public/home/zhangyang/schism_ice/schism_git_SG_Moving/schism/src/ParMetis-4.0.3/build/Linux-x86_64/CMakeFiles/CMakeTmp'
gmake[2]: Leaving directory `/public/home/zhangyang/schism_ice/schism_git_SG_Moving/schism/src/ParMetis-4.0.3/build/Linux-x86_64/CMakeFiles/CMakeTmp'



Determining if the function getline exists passed with the following output:
Change Dir: /public/home/zhangyang/schism_ice/schism_git_SG_Moving/schism/src/ParMetis-4.0.3/build/Linux-x86_64/CMakeFiles/CMakeTmp

Run Build Command(s):/usr/bin/gmake -f Makefile cmTC_5d10d/fast && gmake[2]: Entering directory `/public/home/zhangyang/schism_ice/schism_git_SG_Moving/schism/src/ParMetis-4.0.3/build/Linux-x86_64/CMakeFiles/CMakeTmp'
/usr/bin/gmake  -f CMakeFiles/cmTC_5d10d.dir/build.make CMakeFiles/cmTC_5d10d.dir/build
gmake[3]: Entering directory `/public/home/zhangyang/schism_ice/schism_git_SG_Moving/schism/src/ParMetis-4.0.3/build/Linux-x86_64/CMakeFiles/CMakeTmp'
Building C object CMakeFiles/cmTC_5d10d.dir/CheckFunctionExists.c.o
/public/software/mpi/intelmpi/2017.4.239/intel64/bin/mpicc   -DCHECK_FUNCTION_EXISTS=getline -o CMakeFiles/cmTC_5d10d.dir/CheckFunctionExists.c.o -c /public/home/zhangyang/software/cmake/cmake-3.21.0-linux-x86_64/share/cmake-3.21/Modules/CheckFunctionExists.c
Linking C executable cmTC_5d10d
/public/home/zhangyang/software/cmake/cmake-3.21.0-linux-x86_64/bin/cmake -E cmake_link_script CMakeFiles/cmTC_5d10d.dir/link.txt --verbose=1
/public/software/mpi/intelmpi/2017.4.239/intel64/bin/mpicc   -DCHECK_FUNCTION_EXISTS=getline -rdynamic CMakeFiles/cmTC_5d10d.dir/CheckFunctionExists.c.o -o cmTC_5d10d 
gmake[3]: Leaving directory `/public/home/zhangyang/schism_ice/schism_git_SG_Moving/schism/src/ParMetis-4.0.3/build/Linux-x86_64/CMakeFiles/CMakeTmp'
gmake[2]: Leaving directory `/public/home/zhangyang/schism_ice/schism_git_SG_Moving/schism/src/ParMetis-4.0.3/build/Linux-x86_64/CMakeFiles/CMakeTmp'



