Can't find file: mpif.h
Can't find file: mpif.h
Can't find file: mpif.h
Can't find file: mpif.h
Can't find file: mpif.h
Can't find file: mpif.h
Can't find file: mpif.h
Can't find file: mpif.h
Can't find file: mpif.h
Can't find file: fabm_version.h
Can't find file: mpif.h
Can't find file: fabm_version.h
Can't find file: mpif.h
Can't find file: mpif.h
Can't find file: mpif.h
Can't find file: mpif.h
Can't find file: mpif.h
Can't find file: mpif.h
Can't find file: mpif.h
Can't find file: mpif.h
Can't find file: mpif.h
Can't find file: mpif.h
Can't find file: mpif.h
Can't find file: mpif.h
Can't find file: mpif.h
Can't find file: mpif.h
Can't find file: mpif.h
Can't find file: mpif.h
Can't find file: mpif.h
Can't find file: mpif.h
Can't find file: mpif.h
Can't find file: netcdf.inc
Can't find file: netcdf.inc
Can't find file: schism_geometry.txt
Can't find file: schism_geometry.txt
Can't find file: zcor_SZ.txt
Can't find file: zcor_SZ.txt
Can't find file: get_vgrid.txt
Can't find file: get_vgrid.txt
Can't find file: pt_in_poly_ray_method.txt
Can't find file: pt_in_poly_ray_method.txt
Can't find file: netcdf.inc
Can't find file: netcdf.inc
